
> calendar-crm@0.1.0 build
> next build

   ▲ Next.js 15.5.6
   - Environments: .env.local
   - Experiments (use with caution):
     · optimizePackageImports

   Creating an optimized production build ...
 ✓ Compiled successfully in 5.5s
   Linting and checking validity of types ...
Failed to compile.

./components/rapport/editor/ReportEditor.tsx:212:24
Type error: Argument of type 'string | undefined' is not assignable to parameter of type 'SetStateAction<string | null>'.
  Type 'undefined' is not assignable to type 'SetStateAction<string | null>'.

[0m [90m 210 |[39m   [36mconst[39m goToPreviousSection [33m=[39m useCallback(() [33m=>[39m {
 [90m 211 |[39m     [36mif[39m ([33m![39mreport [33m||[39m activeSectionIndex [33m<=[39m [35m0[39m) [36mreturn[39m[33m;[39m
[31m[1m>[22m[39m[90m 212 |[39m     setActiveSectionId(report[33m.[39msections[activeSectionIndex [33m-[39m [35m1[39m][33m?[39m[33m.[39mid)[33m;[39m
 [90m     |[39m                        [31m[1m^[22m[39m
 [90m 213 |[39m   }[33m,[39m [report[33m,[39m activeSectionIndex])[33m;[39m
 [90m 214 |[39m
 [90m 215 |[39m   [36mconst[39m goToNextSection [33m=[39m useCallback(() [33m=>[39m {[0m
Next.js build worker exited with code: 1 and signal: null
